Archive member included because of file (symbol)

d:/programs/kinetis/toolchain/bin/../lib/gcc/arm-none-eabi/4.8.4/armv6-m\libgcc.a(_udivsi3.o)
                              ./utilities/fsl_debug_console.o (__aeabi_uidiv)
d:/programs/kinetis/toolchain/bin/../lib/gcc/arm-none-eabi/4.8.4/armv6-m\libgcc.a(_divsi3.o)
                              ./utilities/fsl_debug_console.o (__aeabi_idiv)
d:/programs/kinetis/toolchain/bin/../lib/gcc/arm-none-eabi/4.8.4/armv6-m\libgcc.a(_dvmd_tls.o)
                              d:/programs/kinetis/toolchain/bin/../lib/gcc/arm-none-eabi/4.8.4/armv6-m\libgcc.a(_udivsi3.o) (__aeabi_idiv0)
d:/programs/kinetis/toolchain/bin/../lib/gcc/arm-none-eabi/4.8.4/armv6-m\libgcc.a(mulsf3.o)
                              ./source/misc.o (__aeabi_fmul)
d:/programs/kinetis/toolchain/bin/../lib/gcc/arm-none-eabi/4.8.4/armv6-m\libgcc.a(subsf3.o)
                              ./source/misc.o (__aeabi_fsub)
d:/programs/kinetis/toolchain/bin/../lib/gcc/arm-none-eabi/4.8.4/armv6-m\libgcc.a(muldf3.o)
                              ./source/uv_i2c.o (__aeabi_dmul)
d:/programs/kinetis/toolchain/bin/../lib/gcc/arm-none-eabi/4.8.4/armv6-m\libgcc.a(subdf3.o)
                              ./source/uv_i2c.o (__aeabi_dsub)
d:/programs/kinetis/toolchain/bin/../lib/gcc/arm-none-eabi/4.8.4/armv6-m\libgcc.a(fixdfsi.o)
                              ./source/uv_i2c.o (__aeabi_d2iz)
d:/programs/kinetis/toolchain/bin/../lib/gcc/arm-none-eabi/4.8.4/armv6-m\libgcc.a(floatsidf.o)
                              ./source/uv_i2c.o (__aeabi_i2d)
d:/programs/kinetis/toolchain/bin/../lib/gcc/arm-none-eabi/4.8.4/armv6-m\libgcc.a(_clzsi2.o)
                              d:/programs/kinetis/toolchain/bin/../lib/gcc/arm-none-eabi/4.8.4/armv6-m\libgcc.a(mulsf3.o) (__clzsi2)
d:/programs/kinetis/toolchain/bin/../lib/gcc/arm-none-eabi/4.8.4/../../../../arm-none-eabi/lib/armv6-m\libg_s.a(lib_a-exit.o)
                              d:/programs/kinetis/toolchain/bin/../lib/gcc/arm-none-eabi/4.8.4/../../../../arm-none-eabi/lib/armv6-m/crt0.o (exit)
d:/programs/kinetis/toolchain/bin/../lib/gcc/arm-none-eabi/4.8.4/../../../../arm-none-eabi/lib/armv6-m\libg_s.a(lib_a-impure.o)
                              d:/programs/kinetis/toolchain/bin/../lib/gcc/arm-none-eabi/4.8.4/../../../../arm-none-eabi/lib/armv6-m\libg_s.a(lib_a-exit.o) (_global_impure_ptr)
d:/programs/kinetis/toolchain/bin/../lib/gcc/arm-none-eabi/4.8.4/../../../../arm-none-eabi/lib/armv6-m\libg_s.a(lib_a-init.o)
                              d:/programs/kinetis/toolchain/bin/../lib/gcc/arm-none-eabi/4.8.4/../../../../arm-none-eabi/lib/armv6-m/crt0.o (__libc_init_array)
d:/programs/kinetis/toolchain/bin/../lib/gcc/arm-none-eabi/4.8.4/../../../../arm-none-eabi/lib/armv6-m\libg_s.a(lib_a-memcpy-stub.o)
                              ./source/clock_mcglite.o (memcpy)
d:/programs/kinetis/toolchain/bin/../lib/gcc/arm-none-eabi/4.8.4/../../../../arm-none-eabi/lib/armv6-m\libg_s.a(lib_a-memmove.o)
                              ./utilities/fsl_shell.o (memmove)
d:/programs/kinetis/toolchain/bin/../lib/gcc/arm-none-eabi/4.8.4/../../../../arm-none-eabi/lib/armv6-m\libg_s.a(lib_a-memset.o)
                              d:/programs/kinetis/toolchain/bin/../lib/gcc/arm-none-eabi/4.8.4/../../../../arm-none-eabi/lib/armv6-m/crt0.o (memset)
d:/programs/kinetis/toolchain/bin/../lib/gcc/arm-none-eabi/4.8.4/../../../../arm-none-eabi/lib/armv6-m\libg_s.a(lib_a-strlen.o)
                              ./utilities/fsl_debug_console.o (strlen)
d:/programs/kinetis/toolchain/bin/../lib/gcc/arm-none-eabi/4.8.4/../../../../arm-none-eabi/lib/armv6-m\libnosys.a(_exit.o)
                              d:/programs/kinetis/toolchain/bin/../lib/gcc/arm-none-eabi/4.8.4/../../../../arm-none-eabi/lib/armv6-m\libg_s.a(lib_a-exit.o) (_exit)

Allocating common symbols
Common symbol       size              file

g_master_rxBuff     0x20              ./source/i2c_polling_b2b_transfer_master.o
g_xtal32Freq        0x4               ./drivers/fsl_clock.o
g_master_txBuff     0x20              ./source/i2c_polling_b2b_transfer_master.o
g_xtal0Freq         0x4               ./drivers/fsl_clock.o

Discarded input sections

 .text          0x00000000        0x0 d:/programs/kinetis/toolchain/bin/../lib/gcc/arm-none-eabi/4.8.4/armv6-m/crti.o
 .data          0x00000000        0x0 d:/programs/kinetis/toolchain/bin/../lib/gcc/arm-none-eabi/4.8.4/armv6-m/crti.o
 .bss           0x00000000        0x0 d:/programs/kinetis/toolchain/bin/../lib/gcc/arm-none-eabi/4.8.4/armv6-m/crti.o
 .data          0x00000000        0x4 d:/programs/kinetis/toolchain/bin/../lib/gcc/arm-none-eabi/4.8.4/armv6-m/crtbegin.o
 .data          0x00000000        0x0 d:/programs/kinetis/toolchain/bin/../lib/gcc/arm-none-eabi/4.8.4/../../../../arm-none-eabi/lib/armv6-m/crt0.o
[...]
Memory Configuration

Name             Origin             Length             Attributes
m_interrupts     0x00000000         0x00000100         xr
m_flash_config   0x00000400         0x00000010         xr
m_text           0x00000410         0x00007bf0         xr
m_data           0x1ffffe00         0x00000800         rw
*default*        0x00000000         0xffffffff

Linker script and memory map

LOAD d:/programs/kinetis/toolchain/bin/../lib/gcc/arm-none-eabi/4.8.4/armv6-m/crti.o
LOAD d:/programs/kinetis/toolchain/bin/../lib/gcc/arm-none-eabi/4.8.4/armv6-m/crtbegin.o
LOAD d:/programs/kinetis/toolchain/bin/../lib/gcc/arm-none-eabi/4.8.4/../../../../arm-none-eabi/lib/armv6-m/crt0.o
LOAD ./utilities/fsl_debug_console.o
LOAD ./utilities/fsl_notifier.o
LOAD ./utilities/fsl_shell.o
LOAD ./startup/startup_MKL03Z4.o
LOAD ./source/acc_i2c.o
LOAD ./source/board.o
LOAD ./source/clock_config.o
LOAD ./source/clock_mcglite.o
LOAD ./source/i2c_polling_b2b_transfer_master.o
LOAD ./source/misc.o
LOAD ./source/pin_mux.o
LOAD ./source/power_management.o
LOAD ./source/power_modes.o
LOAD ./source/uv_i2c.o
LOAD ./drivers/fsl_adc16.o
LOAD ./drivers/fsl_clock.o
LOAD ./drivers/fsl_cmp.o
LOAD ./drivers/fsl_common.o
LOAD ./drivers/fsl_cop.o
LOAD ./drivers/fsl_flash.o
LOAD ./drivers/fsl_gpio.o
LOAD ./drivers/fsl_i2c.o
LOAD ./drivers/fsl_llwu.o
LOAD ./drivers/fsl_lptmr.o
LOAD ./drivers/fsl_lpuart.o
LOAD ./drivers/fsl_pmc.o
LOAD ./drivers/fsl_rcm.o
LOAD ./drivers/fsl_rtc.o
LOAD ./drivers/fsl_sim.o
LOAD ./drivers/fsl_smc.o
LOAD ./drivers/fsl_spi.o
LOAD ./drivers/fsl_tpm.o
LOAD ./drivers/fsl_vref.o
LOAD ./board/board.o
LOAD ./board/clock_config.o
LOAD ./board/pin_mux.o
LOAD ./CMSIS/system_MKL03Z4.o
LOAD d:/programs/kinetis/toolchain/bin/../lib/gcc/arm-none-eabi/4.8.4/../../../../arm-none-eabi/lib/armv6-m\libstdc++_s.a
LOAD d:/programs/kinetis/toolchain/bin/../lib/gcc/arm-none-eabi/4.8.4/../../../../arm-none-eabi/lib/armv6-m\libm.a
START GROUP
LOAD d:/programs/kinetis/toolchain/bin/../lib/gcc/arm-none-eabi/4.8.4/armv6-m\libgcc.a
LOAD d:/programs/kinetis/toolchain/bin/../lib/gcc/arm-none-eabi/4.8.4/../../../../arm-none-eabi/lib/armv6-m\libg_s.a
LOAD d:/programs/kinetis/toolchain/bin/../lib/gcc/arm-none-eabi/4.8.4/../../../../arm-none-eabi/lib/armv6-m\libc_s.a
END GROUP
START GROUP
LOAD d:/programs/kinetis/toolchain/bin/../lib/gcc/arm-none-eabi/4.8.4/armv6-m\libgcc.a
LOAD d:/programs/kinetis/toolchain/bin/../lib/gcc/arm-none-eabi/4.8.4/../../../../arm-none-eabi/lib/armv6-m\libc_s.a
LOAD d:/programs/kinetis/toolchain/bin/../lib/gcc/arm-none-eabi/4.8.4/../../../../arm-none-eabi/lib/armv6-m\libnosys.a
END GROUP
START GROUP
LOAD d:/programs/kinetis/toolchain/bin/../lib/gcc/arm-none-eabi/4.8.4/armv6-m\libgcc.a
LOAD d:/programs/kinetis/toolchain/bin/../lib/gcc/arm-none-eabi/4.8.4/../../../../arm-none-eabi/lib/armv6-m\libc_s.a
LOAD d:/programs/kinetis/toolchain/bin/../lib/gcc/arm-none-eabi/4.8.4/../../../../arm-none-eabi/lib/armv6-m\libnosys.a
END GROUP
LOAD d:/programs/kinetis/toolchain/bin/../lib/gcc/arm-none-eabi/4.8.4/armv6-m/crtend.o
LOAD d:/programs/kinetis/toolchain/bin/../lib/gcc/arm-none-eabi/4.8.4/armv6-m/crtn.o
                0x00000200                HEAP_SIZE = DEFINED (__heap_size__)?__heap_size__:0x200
                0x00000050                STACK_SIZE = DEFINED (__stack_size__)?__stack_size__:0x50
                0x00000000                M_VECTOR_RAM_SIZE = DEFINED (__ram_vector_table__)?0x100:0x0

.interrupts     0x00000000       0xc0
                0x00000000                __VECTOR_TABLE = .
                0x00000000                . = ALIGN (0x4)
 *(.isr_vector)
 .isr_vector    0x00000000       0xc0 ./startup/startup_MKL03Z4.o
                0x00000000                __isr_vector
                0x000000c0                . = ALIGN (0x4)

.flash_config   0x00000400       0x10
                0x00000400                . = ALIGN (0x4)
 *(.FlashConfig)
 .FlashConfig   0x00000400       0x10 ./startup/startup_MKL03Z4.o
                0x00000410                . = ALIGN (0x4)

.text           0x00000410     0x42bc
                0x00000410                . = ALIGN (0x4)
 *(.text)
 .text          0x00000410       0x60 d:/programs/kinetis/toolchain/bin/../lib/gcc/arm-none-eabi/4.8.4/armv6-m/crtbegin.o
 .text          0x00000470       0x78 d:/programs/kinetis/toolchain/bin/../lib/gcc/arm-none-eabi/4.8.4/../../../../arm-none-eabi/lib/armv6-m/crt0.o
                0x00000470                _start
                0x00000470                _mainCRTStartup
 .text          0x000004e8       0x90 ./startup/startup_MKL03Z4.o
                0x000004e8                Reset_Handler
                0x00000530                Reserved16_IRQHandler
                0x00000530                Reserved38_IRQHandler
                0x00000530                Reserved40_IRQHandler
                0x00000530                FTFA_IRQHandler
                0x00000530                PORTA_IRQHandler
                0x00000530                TPM1_IRQHandler
                0x00000530                Reserved19_IRQHandler
                0x00000530                Reserved29_IRQHandler
                0x00000530                TPM0_IRQHandler
                0x00000530                Reserved42_IRQHandler
                0x00000530                ADC0_IRQHandler
                0x00000530                Reserved39_IRQHandler
                0x00000530                DefaultISR
                0x00000530                Reserved25_IRQHandler
                0x00000530                Reserved43_IRQHandler
                0x00000530                RTC_IRQHandler
                0x00000530                Reserved18_IRQHandler
                0x00000530                Reserved27_IRQHandler
                0x00000530                RTC_Seconds_IRQHandler
                0x00000530                Reserved35_IRQHandler
                0x00000530                Reserved20_IRQHandler
                0x00000530                Reserved17_IRQHandler
                0x00000530                Reserved41_IRQHandler
                0x00000530                PMC_IRQHandler
                0x00000530                Reserved30_IRQHandler
                0x00000530                Reserved45_IRQHandler
                0x00000530                CMP0_IRQHandler
                0x00000534                NMI_Handler
                0x00000538                HardFault_Handler
                0x0000053c                SVC_Handler
                0x00000540                PendSV_Handler
                0x00000544                SysTick_Handler
                0x00000548                I2C0_IRQHandler
                0x0000054c                SPI0_IRQHandler
                0x00000550                LPUART0_IRQHandler
 .text          0x00000578       0x9c d:/programs/kinetis/toolchain/bin/../lib/gcc/arm-none-eabi/4.8.4/armv6-m\libgcc.a(_udivsi3.o)
                0x00000578                __aeabi_uidiv
                0x00000578                __udivsi3
                0x00000600                __aeabi_uidivmod
 .text          0x00000614       0xc0 d:/programs/kinetis/toolchain/bin/../lib/gcc/arm-none-eabi/4.8.4/armv6-m\libgcc.a(_divsi3.o)
                0x00000614                __divsi3
                0x00000614                __aeabi_idiv
                0x000006c0                __aeabi_idivmod
 .text          0x000006d4        0x4 d:/programs/kinetis/toolchain/bin/../lib/gcc/arm-none-eabi/4.8.4/armv6-m\libgcc.a(_dvmd_tls.o)
                0x000006d4                __aeabi_idiv0
                0x000006d4                __aeabi_ldiv0
 *(.text*)
 .text.LPUART_EnableTx
                0x000006d8       0x3c ./utilities/fsl_debug_console.o
 .text.LPUART_EnableRx
                0x00000714       0x3c ./utilities/fsl_debug_console.o
 .text.DbgConsole_Init
                0x00000750       0x98 ./utilities/fsl_debug_console.o
                0x00000750                DbgConsole_Init
 .text.DbgConsole_Deinit
                0x000007e8       0x4c ./utilities/fsl_debug_console.o
                0x000007e8                DbgConsole_Deinit
 .text.DbgConsole_Printf
                0x00000834       0x48 ./utilities/fsl_debug_console.o
                0x00000834                DbgConsole_Printf
 .text.DbgConsole_Putchar
                0x0000087c       0x38 ./utilities/fsl_debug_console.o
                0x0000087c                DbgConsole_Putchar
 .text.DbgConsole_PrintfPaddingCharacter
                0x000008b4       0x48 ./utilities/fsl_debug_console.o
 .text.DbgConsole_ConvertRadixNumToString
                0x000008fc      0x118 ./utilities/fsl_debug_console.o
 .text.DbgConsole_PrintfFormattedData
                0x00000a14      0x344 ./utilities/fsl_debug_console.o
 .text.accWrite
                0x00000d58       0x80 ./source/acc_i2c.o
                0x00000d58                accWrite
 .text.init_acc
                0x00000dd8       0x3c ./source/acc_i2c.o
                0x00000dd8                init_acc
 .text.CLOCK_SetLpuart0Clock
                0x00000e14       0x38 ./source/board.o
 .text.BOARD_InitDebugConsole
                0x00000e4c       0x30 ./source/board.o
                0x00000e4c                BOARD_InitDebugConsole
 .text.CLOCK_SetSimSafeDivs
                0x00000e7c       0x1c ./source/clock_config.o
 .text.BOARD_BootClockRUN
                0x00000e98       0x34 ./source/clock_config.o
                0x00000e98                BOARD_BootClockRUN
 .text.CLOCK_SetSimSafeDivs
                0x00000ecc       0x1c ./source/clock_mcglite.o
 .text.APP_SetClockRunFromVlpr
                0x00000ee8       0x4c ./source/clock_mcglite.o
                0x00000ee8                APP_SetClockRunFromVlpr
 .text.APP_SetClockVlpr
                0x00000f34       0x4c ./source/clock_mcglite.o
                0x00000f34                APP_SetClockVlpr
 .text.NVIC_EnableIRQ
                0x00000f80       0x2c ./source/i2c_polling_b2b_transfer_master.o
 .text.NVIC_ClearPendingIRQ
                0x00000fac       0x2c ./source/i2c_polling_b2b_transfer_master.o
 .text.GPIO_SetPinsOutput
                0x00000fd8       0x18 ./source/i2c_polling_b2b_transfer_master.o
 .text.GPIO_ClearPinsOutput
                0x00000ff0       0x18 ./source/i2c_polling_b2b_transfer_master.o
 .text.SMC_SetPowerModeProtection
                0x00001008       0x1c ./source/i2c_polling_b2b_transfer_master.o
 .text.RCM_GetPreviousResetSources
                0x00001024       0x24 ./source/i2c_polling_b2b_transfer_master.o
 .text.PMC_ClearPeriphIOIsolationFlag
                0x00001048       0x20 ./source/i2c_polling_b2b_transfer_master.o
 .text.main     0x00001068       0xfc ./source/i2c_polling_b2b_transfer_master.o
                0x00001068                main
 .text.GPIO_SetPinsOutput
                0x00001164       0x18 ./source/misc.o
 .text.delay    0x0000117c       0x1c ./source/misc.o
                0x0000117c                delay
 .text.led1Off  0x00001198       0x34 ./source/misc.o
                0x00001198                led1Off
 .text.led2Off  0x000011cc       0x38 ./source/misc.o
                0x000011cc                led2Off
 .text.CLOCK_EnableClock
                0x00001204       0x34 ./source/pin_mux.o
 .text.PORT_SetPinMux
                0x00001238       0x3c ./source/pin_mux.o
 .text.BOARD_InitPins
                0x00001274      0x194 ./source/pin_mux.o
                0x00001274                BOARD_InitPins
 .text.NVIC_EnableIRQ
                0x00001408       0x2c ./source/power_management.o
 .text.NVIC_DisableIRQ
                0x00001434       0x2c ./source/power_management.o
 .text.NVIC_ClearPendingIRQ
                0x00001460       0x2c ./source/power_management.o
 .text.NVIC_SetPriority
                0x0000148c       0xe0 ./source/power_management.o
 .text.SMC_SetPowerModeProtection
                0x0000156c       0x1c ./source/power_management.o
 .text.SMC_GetPowerModeState
                0x00001588       0x18 ./source/power_management.o
 .text.PORT_SetPinInterruptConfig
                0x000015a0       0x3c ./source/power_management.o
 .text.GPIO_SetPinsOutput
                0x000015dc       0x18 ./source/power_management.o
 .text.GPIO_ClearPinsOutput
                0x000015f4       0x18 ./source/power_management.o
 .text.GPIO_TogglePinsOutput
                0x0000160c       0x18 ./source/power_management.o
 .text.GPIO_ReadPinInput
                0x00001624       0x20 ./source/power_management.o
 .text.PORTB_IRQHandler
                0x00001644       0x58 ./source/power_management.o
                0x00001644                PORTB_IRQHandler
 .text.POWER_init
                0x0000169c       0x34 ./source/power_management.o
                0x0000169c                POWER_init
 .text.POWER_sleep
                0x000016d0       0x78 ./source/power_management.o
                0x000016d0                POWER_sleep
 .text.POWER_recover
                0x00001748        0x8 ./source/power_management.o
                0x00001748                POWER_recover
 .text.POWER_handle_power_button
                0x00001750      0x184 ./source/power_management.o
                0x00001750                POWER_handle_power_button
 .text.NVIC_EnableIRQ
                0x000018d4       0x2c ./source/power_modes.o
 .text.CLOCK_EnableClock
                0x00001900       0x34 ./source/power_modes.o
 .text.CLOCK_DisableClock
                0x00001934       0x38 ./source/power_modes.o
 .text.CLOCK_SetLpuart0Clock
                0x0000196c       0x38 ./source/power_modes.o
 .text.SMC_GetPowerModeState
                0x000019a4       0x18 ./source/power_modes.o
 .text.SMC_PreEnterWaitModes
                0x000019bc       0x10 ./source/power_modes.o
 .text.SMC_PostExitWaitModes
                0x000019cc       0x10 ./source/power_modes.o
 .text.LPTMR_EnableInterrupts
                0x000019dc       0x2c ./source/power_modes.o
 .text.LPTMR_DisableInterrupts
                0x00001a08       0x30 ./source/power_modes.o
 .text.LPTMR_GetEnabledInterrupts
                0x00001a38       0x18 ./source/power_modes.o
 .text.LPTMR_ClearStatusFlags
                0x00001a50       0x1c ./source/power_modes.o
 .text.LPTMR_SetTimerPeriod
                0x00001a6c       0x3c ./source/power_modes.o
 .text.LPTMR_StartTimer
                0x00001aa8       0x2c ./source/power_modes.o
 .text.LPTMR_StopTimer
                0x00001ad4       0x2c ./source/power_modes.o
 .text.PORT_SetPinMux
                0x00001b00       0x3c ./source/power_modes.o
 .text.PORT_SetPinInterruptConfig
                0x00001b3c       0x3c ./source/power_modes.o
 .text.PORT_ClearPinsInterruptFlags
                0x00001b78       0x18 ./source/power_modes.o
 .text.LLWU_IRQHandler
                0x00001b90       0x40 ./source/power_modes.o
                0x00001b90                LLWU_IRQHandler
 .text.set_param
                0x00001bd0       0x24 ./source/power_modes.o
                0x00001bd0                set_param
 .text.APP_CheckPowerMode
                0x00001bf4       0xd4 ./source/power_modes.o
                0x00001bf4                APP_CheckPowerMode
 .text.APP_InitDefaultDebugConsole
                0x00001cc8       0x50 ./source/power_modes.o
 .text.APP_InitVlprDebugConsole
                0x00001d18       0x34 ./source/power_modes.o
 .text.APP_PowerPreSwitchHook
                0x00001d4c       0x54 ./source/power_modes.o
                0x00001d4c                APP_PowerPreSwitchHook
 .text.APP_PowerPostSwitchHook
                0x00001da0       0x78 ./source/power_modes.o
                0x00001da0                APP_PowerPostSwitchHook
 .text.LPTMR0_IRQHandler
                0x00001e18       0x38 ./source/power_modes.o
                0x00001e18                LPTMR0_IRQHandler
 .text.APP_GetWakeupTimeout
                0x00001e50        0xc ./source/power_modes.o
 .text.APP_GetWakeupSource
                0x00001e5c        0xc ./source/power_modes.o
 .text.APP_GetWakeupConfig
                0x00001e68       0x5c ./source/power_modes.o
                0x00001e68                APP_GetWakeupConfig
 .text.APP_SetWakeupConfig
                0x00001ec4       0x98 ./source/power_modes.o
                0x00001ec4                APP_SetWakeupConfig
 .text.APP_PowerModeSwitch
                0x00001f5c      0x144 ./source/power_modes.o
                0x00001f5c                APP_PowerModeSwitch
 .text.uvWrite  0x000020a0       0x80 ./source/uv_i2c.o
                0x000020a0                uvWrite
 .text.init_uv  0x00002120       0x44 ./source/uv_i2c.o
                0x00002120                init_uv
 .text.CLOCK_SetEr32kClock
                0x00002164       0x30 ./drivers/fsl_clock.o
 .text.CLOCK_GetLircClkFreq
                0x00002194       0x48 ./drivers/fsl_clock.o
 .text.CLOCK_GetOsc0ErClkFreq
                0x000021dc       0x4c ./drivers/fsl_clock.o
                0x000021dc                CLOCK_GetOsc0ErClkFreq
 .text.CLOCK_GetEr32kClkFreq
                0x00002228       0x84 ./drivers/fsl_clock.o
                0x00002228                CLOCK_GetEr32kClkFreq
 .text.CLOCK_GetCoreSysClkFreq
                0x000022ac       0x2c ./drivers/fsl_clock.o
                0x000022ac                CLOCK_GetCoreSysClkFreq
 .text.CLOCK_GetFreq
                0x000022d8       0xc4 ./drivers/fsl_clock.o
                0x000022d8                CLOCK_GetFreq
 .text.CLOCK_SetSimConfig
                0x0000239c       0x2c ./drivers/fsl_clock.o
                0x0000239c                CLOCK_SetSimConfig
 .text.CLOCK_GetInternalRefClkFreq
                0x000023c8       0x48 ./drivers/fsl_clock.o
                0x000023c8                CLOCK_GetInternalRefClkFreq
 .text.CLOCK_GetPeriphClkFreq
                0x00002410       0x38 ./drivers/fsl_clock.o
                0x00002410                CLOCK_GetPeriphClkFreq
 .text.CLOCK_GetOutClkFreq
                0x00002448       0x8c ./drivers/fsl_clock.o
                0x00002448                CLOCK_GetOutClkFreq
 .text.CLOCK_SetMcgliteConfig
                0x000024d4      0x124 ./drivers/fsl_clock.o
                0x000024d4                CLOCK_SetMcgliteConfig
 .text.__assert_func
                0x000025f8       0x28 ./drivers/fsl_common.o
                0x000025f8                __assert_func
 .text.FLASH_PflashSetPrefetchSpeculation
                0x00002620       0x78 ./drivers/fsl_flash.o
                0x00002620                FLASH_PflashSetPrefetchSpeculation
 .text.GPIO_WritePinOutput
                0x00002698       0x34 ./drivers/fsl_gpio.o
 .text.GPIO_GetInstance
                0x000026cc       0x58 ./drivers/fsl_gpio.o
 .text.GPIO_PinInit
                0x00002724       0x78 ./drivers/fsl_gpio.o
                0x00002724                GPIO_PinInit
 .text.GPIO_GetPinsInterruptFlags
                0x0000279c       0x38 ./drivers/fsl_gpio.o
                0x0000279c                GPIO_GetPinsInterruptFlags
 .text.GPIO_ClearPinsInterruptFlags
                0x000027d4       0x3c ./drivers/fsl_gpio.o
                0x000027d4                GPIO_ClearPinsInterruptFlags
 .text.CLOCK_EnableClock
                0x00002810       0x34 ./drivers/fsl_i2c.o
 .text.I2C_MasterClearStatusFlags
                0x00002844       0x54 ./drivers/fsl_i2c.o
 .text.I2C_GetInstance
                0x00002898       0x54 ./drivers/fsl_i2c.o
                0x00002898                I2C_GetInstance
 .text.I2C_CheckAndClearError
                0x000028ec       0x40 ./drivers/fsl_i2c.o
 .text.I2C_TransferCommonIRQHandler
                0x0000292c       0x58 ./drivers/fsl_i2c.o
 .text.I2C_MasterInit
                0x00002984      0x118 ./drivers/fsl_i2c.o
                0x00002984                I2C_MasterInit
 .text.I2C_MasterGetDefaultConfig
                0x00002a9c       0x4c ./drivers/fsl_i2c.o
                0x00002a9c                I2C_MasterGetDefaultConfig
 .text.I2C_MasterSetBaudRate
                0x00002ae8       0xf0 ./drivers/fsl_i2c.o
                0x00002ae8                I2C_MasterSetBaudRate
 .text.I2C_MasterStart
                0x00002bd8       0x7c ./drivers/fsl_i2c.o
                0x00002bd8                I2C_MasterStart
 .text.I2C_MasterRepeatedStart
                0x00002c54       0xcc ./drivers/fsl_i2c.o
                0x00002c54                I2C_MasterRepeatedStart
 .text.I2C_MasterStop
                0x00002d20       0x68 ./drivers/fsl_i2c.o
                0x00002d20                I2C_MasterStop
 .text.I2C_MasterGetStatusFlags
                0x00002d88       0x4c ./drivers/fsl_i2c.o
                0x00002d88                I2C_MasterGetStatusFlags
 .text.I2C_MasterWriteBlocking
                0x00002dd4       0xec ./drivers/fsl_i2c.o
                0x00002dd4                I2C_MasterWriteBlocking
 .text.I2C_MasterReadBlocking
                0x00002ec0       0xf0 ./drivers/fsl_i2c.o
                0x00002ec0                I2C_MasterReadBlocking
 .text.I2C_MasterTransferBlocking
                0x00002fb0      0x248 ./drivers/fsl_i2c.o
                0x00002fb0                I2C_MasterTransferBlocking
 .text.I2C0_DriverIRQHandler
                0x000031f8       0x20 ./drivers/fsl_i2c.o
                0x000031f8                I2C0_DriverIRQHandler
 .text.LLWU_SetExternalWakeupPinMode
                0x00003218       0xa4 ./drivers/fsl_llwu.o
                0x00003218                LLWU_SetExternalWakeupPinMode
 .text.LLWU_GetExternalWakeupPinFlag
                0x000032bc       0x4c ./drivers/fsl_llwu.o
                0x000032bc                LLWU_GetExternalWakeupPinFlag
 .text.LLWU_ClearExternalWakeupPinFlag
                0x00003308       0x40 ./drivers/fsl_llwu.o
                0x00003308                LLWU_ClearExternalWakeupPinFlag
 .text.CLOCK_EnableClock
                0x00003348       0x34 ./drivers/fsl_lptmr.o
 .text.LPTMR_GetInstance
                0x0000337c       0x54 ./drivers/fsl_lptmr.o
 .text.LPTMR_Init
                0x000033d0       0xa0 ./drivers/fsl_lptmr.o
                0x000033d0                LPTMR_Init
 .text.LPTMR_GetDefaultConfig
                0x00003470       0x58 ./drivers/fsl_lptmr.o
                0x00003470                LPTMR_GetDefaultConfig
 .text.CLOCK_EnableClock
                0x000034c8       0x34 ./drivers/fsl_lpuart.o
 .text.CLOCK_DisableClock
                0x000034fc       0x38 ./drivers/fsl_lpuart.o
 .text.LPUART_GetInstance
                0x00003534       0x54 ./drivers/fsl_lpuart.o
                0x00003534                LPUART_GetInstance
 .text.LPUART_Init
                0x00003588      0x29c ./drivers/fsl_lpuart.o
                0x00003588                LPUART_Init
 .text.LPUART_Deinit
                0x00003824       0x64 ./drivers/fsl_lpuart.o
                0x00003824                LPUART_Deinit
 .text.LPUART_GetDefaultConfig
                0x00003888       0x5c ./drivers/fsl_lpuart.o
                0x00003888                LPUART_GetDefaultConfig
 .text.LPUART_GetStatusFlags
                0x000038e4       0x18 ./drivers/fsl_lpuart.o
                0x000038e4                LPUART_GetStatusFlags
 .text.LPUART_ClearStatusFlags
                0x000038fc       0x88 ./drivers/fsl_lpuart.o
                0x000038fc                LPUART_ClearStatusFlags
 .text.LPUART_WriteBlocking
                0x00003984       0x5c ./drivers/fsl_lpuart.o
                0x00003984                LPUART_WriteBlocking
 .text.LPUART_ReadBlocking
                0x000039e0       0xec ./drivers/fsl_lpuart.o
                0x000039e0                LPUART_ReadBlocking
 .text.LPUART0_DriverIRQHandler
                0x00003acc       0x24 ./drivers/fsl_lpuart.o
                0x00003acc                LPUART0_DriverIRQHandler
 .text.SMC_PreEnterStopModes
                0x00003af0       0x34 ./drivers/fsl_smc.o
                0x00003af0                SMC_PreEnterStopModes
 .text.SMC_PostExitStopModes
                0x00003b24       0x28 ./drivers/fsl_smc.o
                0x00003b24                SMC_PostExitStopModes
 .text.SMC_SetPowerModeRun
                0x00003b4c       0x44 ./drivers/fsl_smc.o
                0x00003b4c                SMC_SetPowerModeRun
 .text.SMC_SetPowerModeWait
                0x00003b90       0x2c ./drivers/fsl_smc.o
                0x00003b90                SMC_SetPowerModeWait
 .text.SMC_SetPowerModeStop
                0x00003bbc       0xb8 ./drivers/fsl_smc.o
                0x00003bbc                SMC_SetPowerModeStop
 .text.SMC_SetPowerModeVlpr
                0x00003c74       0x48 ./drivers/fsl_smc.o
                0x00003c74                SMC_SetPowerModeVlpr
 .text.SMC_SetPowerModeVlpw
                0x00003cbc       0x2c ./drivers/fsl_smc.o
                0x00003cbc                SMC_SetPowerModeVlpw
 .text.SMC_SetPowerModeVlps
                0x00003ce8       0x7c ./drivers/fsl_smc.o
                0x00003ce8                SMC_SetPowerModeVlps
 .text.SMC_SetPowerModeVlls
                0x00003d64      0x110 ./drivers/fsl_smc.o
                0x00003d64                SMC_SetPowerModeVlls
 .text.SPI_CommonIRQHandler
                0x00003e74       0x54 ./drivers/fsl_spi.o
 .text.SPI0_DriverIRQHandler
                0x00003ec8       0x3c ./drivers/fsl_spi.o
                0x00003ec8                SPI0_DriverIRQHandler
 .text.SystemInit
                0x00003f04       0x38 ./CMSIS/system_MKL03Z4.o
                0x00003f04                SystemInit
 .text.exit     0x00003f3c       0x2c d:/programs/kinetis/toolchain/bin/../lib/gcc/arm-none-eabi/4.8.4/../../../../arm-none-eabi/lib/armv6-m\libg_s.a(lib_a-exit.o)
                0x00003f3c                exit
 .text.__libc_init_array
                0x00003f68       0x4c d:/programs/kinetis/toolchain/bin/../lib/gcc/arm-none-eabi/4.8.4/../../../../arm-none-eabi/lib/armv6-m\libg_s.a(lib_a-init.o)
                0x00003f68                __libc_init_array
 .text.memcpy   0x00003fb4       0x12 d:/programs/kinetis/toolchain/bin/../lib/gcc/arm-none-eabi/4.8.4/../../../../arm-none-eabi/lib/armv6-m\libg_s.a(lib_a-memcpy-stub.o)
                0x00003fb4                memcpy
 .text.memset   0x00003fc6       0x10 d:/programs/kinetis/toolchain/bin/../lib/gcc/arm-none-eabi/4.8.4/../../../../arm-none-eabi/lib/armv6-m\libg_s.a(lib_a-memset.o)
                0x00003fc6                memset
 .text.strlen   0x00003fd6        0xe d:/programs/kinetis/toolchain/bin/../lib/gcc/arm-none-eabi/4.8.4/../../../../arm-none-eabi/lib/armv6-m\libg_s.a(lib_a-strlen.o)
                0x00003fd6                strlen
 .text._exit    0x00003fe4        0x4 d:/programs/kinetis/toolchain/bin/../lib/gcc/arm-none-eabi/4.8.4/../../../../arm-none-eabi/lib/armv6-m\libnosys.a(_exit.o)
                0x00003fe4                _exit
 *(.rodata)
 .rodata        0x00003fe8       0x10 ./source/clock_mcglite.o
 .rodata        0x00003ff8        0x4 ./source/pin_mux.o
 .rodata        0x00003ffc       0xd0 ./source/power_modes.o
 .rodata        0x000040cc       0x44 ./drivers/fsl_clock.o
 .rodata        0x00004110       0x40 ./drivers/fsl_common.o
 .rodata        0x00004150       0x68 ./drivers/fsl_gpio.o
 .rodata        0x000041b8       0xc8 ./drivers/fsl_i2c.o
 .rodata        0x00004280       0x44 ./drivers/fsl_lptmr.o
 .rodata        0x000042c4       0xb8 ./drivers/fsl_lpuart.o
 .rodata        0x0000437c        0x4 ./drivers/fsl_smc.o
 .rodata        0x00004380       0x8c ./drivers/fsl_spi.o
 *(.rodata*)
 .rodata.mcgliteConfig_BOARD_BootClockRUN
                0x0000440c        0x8 ./source/clock_config.o
                0x0000440c                mcgliteConfig_BOARD_BootClockRUN
 .rodata.simConfig_BOARD_BootClockRUN
                0x00004414        0x8 ./source/clock_config.o
                0x00004414                simConfig_BOARD_BootClockRUN
 .rodata.APP_PowerModeSwitch
                0x0000441c       0x24 ./source/power_modes.o
 .rodata.__func__.5485
                0x00004440       0x18 ./source/power_modes.o
 .rodata.CLOCK_GetFreq
                0x00004458       0x30 ./drivers/fsl_clock.o
 .rodata.lircFreqs.5246
                0x00004488        0x8 ./drivers/fsl_clock.o
 .rodata.__func__.5250
                0x00004490       0x18 ./drivers/fsl_clock.o
 .rodata.__func__.5258
                0x000044a8       0x18 ./drivers/fsl_clock.o
 .rodata.__func__.5310
                0x000044c0       0x14 ./drivers/fsl_clock.o
 .rodata.__func__.5324
                0x000044d4       0x18 ./drivers/fsl_clock.o
 .rodata.s_portBases
                0x000044ec        0x8 ./drivers/fsl_gpio.o
 .rodata.s_gpioBases
                0x000044f4        0x8 ./drivers/fsl_gpio.o
 .rodata.__func__.5318
                0x000044fc       0x14 ./drivers/fsl_gpio.o
 .rodata.__func__.5324
                0x00004510       0x10 ./drivers/fsl_gpio.o
 .rodata.s_i2cDividerTable
                0x00004520       0x80 ./drivers/fsl_i2c.o
 .rodata.__func__.5500
                0x000045a0       0x10 ./drivers/fsl_i2c.o
 .rodata.__func__.5556
                0x000045b0       0x10 ./drivers/fsl_i2c.o
 .rodata.__func__.5564
                0x000045c0       0x1c ./drivers/fsl_i2c.o
 .rodata.__func__.5668
                0x000045dc       0x1c ./drivers/fsl_i2c.o
 .rodata.__func__.5346
                0x000045f8       0x14 ./drivers/fsl_lptmr.o
 .rodata.__func__.5351
                0x0000460c        0xc ./drivers/fsl_lptmr.o
 .rodata.__func__.5360
                0x00004618       0x18 ./drivers/fsl_lptmr.o
 .rodata.__func__.5453
                0x00004630       0x14 ./drivers/fsl_lpuart.o
 .rodata.__func__.5491
                0x00004644        0xc ./drivers/fsl_lpuart.o
 .rodata.__func__.5515
                0x00004650       0x18 ./drivers/fsl_lpuart.o
 .rodata.__func__.5561
                0x00004668       0x18 ./drivers/fsl_lpuart.o
 .rodata.__func__.5573
                0x00004680       0x14 ./drivers/fsl_lpuart.o
 .rodata.__func__.5636
                0x00004694       0x18 ./drivers/fsl_spi.o
 .rodata.str1.1
                0x000046ac        0x2 d:/programs/kinetis/toolchain/bin/../lib/gcc/arm-none-eabi/4.8.4/../../../../arm-none-eabi/lib/armv6-m\libg_s.a(lib_a-impure.o)
 *fill*         0x000046ae        0x2 
 .rodata._global_impure_ptr
                0x000046b0        0x4 d:/programs/kinetis/toolchain/bin/../lib/gcc/arm-none-eabi/4.8.4/../../../../arm-none-eabi/lib/armv6-m\libg_s.a(lib_a-impure.o)
                0x000046b0                _global_impure_ptr
 *(.glue_7)
 .glue_7        0x00000000        0x0 linker stubs
 *(.glue_7t)
 .glue_7t       0x00000000        0x0 linker stubs
 *(.eh_frame)
 .eh_frame      0x000046b4        0x0 d:/programs/kinetis/toolchain/bin/../lib/gcc/arm-none-eabi/4.8.4/armv6-m/crtbegin.o
 *(.init)
 .init          0x000046b4        0x4 d:/programs/kinetis/toolchain/bin/../lib/gcc/arm-none-eabi/4.8.4/armv6-m/crti.o
                0x000046b4                _init
 .init          0x000046b8        0x8 d:/programs/kinetis/toolchain/bin/../lib/gcc/arm-none-eabi/4.8.4/armv6-m/crtn.o
 *(.fini)
 .fini          0x000046c0        0x4 d:/programs/kinetis/toolchain/bin/../lib/gcc/arm-none-eabi/4.8.4/armv6-m/crti.o
                0x000046c0                _fini
 .fini          0x000046c4        0x8 d:/programs/kinetis/toolchain/bin/../lib/gcc/arm-none-eabi/4.8.4/armv6-m/crtn.o
                0x000046cc                . = ALIGN (0x4)

.vfp11_veneer   0x000046cc        0x0
 .vfp11_veneer  0x00000000        0x0 linker stubs

.v4_bx          0x000046cc        0x0
 .v4_bx         0x00000000        0x0 linker stubs

.iplt           0x000046cc        0x0
 .iplt          0x00000000        0x0 d:/programs/kinetis/toolchain/bin/../lib/gcc/arm-none-eabi/4.8.4/armv6-m/crtbegin.o

.ARM.extab
 *(.ARM.extab* .gnu.linkonce.armextab.*)

.ARM            0x000046cc        0x8
                0x000046cc                __exidx_start = .
 *(.ARM.exidx*)
 .ARM.exidx     0x000046cc        0x8 d:/programs/kinetis/toolchain/bin/../lib/gcc/arm-none-eabi/4.8.4/../../../../arm-none-eabi/lib/armv6-m/crt0.o
                0x000046d4                __exidx_end = .

.rel.dyn        0x000046d4        0x0
 .rel.iplt      0x00000000        0x0 d:/programs/kinetis/toolchain/bin/../lib/gcc/arm-none-eabi/4.8.4/armv6-m/crtbegin.o

.ctors          0x000046d4        0x0
                0x000046d4                __CTOR_LIST__ = .
 *crtbegin.o(.ctors)
 *crtbegin?.o(.ctors)
 *(EXCLUDE_FILE(*crtend.o *crtend?.o) .ctors)
 *(SORT(.ctors.*))
 *(.ctors)
                0x000046d4                __CTOR_END__ = .

.dtors          0x000046d4        0x0
                0x000046d4                __DTOR_LIST__ = .
 *crtbegin.o(.dtors)
 *crtbegin?.o(.dtors)
 *(EXCLUDE_FILE(*crtend.o *crtend?.o) .dtors)
 *(SORT(.dtors.*))
 *(.dtors)
                0x000046d4                __DTOR_END__ = .

.preinit_array  0x000046d4        0x0
                0x000046d4                PROVIDE (__preinit_array_start, .)
 *(.preinit_array*)
                0x000046d4                PROVIDE (__preinit_array_end, .)

.init_array     0x000046d4        0x4
                0x000046d4                PROVIDE (__init_array_start, .)
 *(SORT(.init_array.*))
 *(.init_array*)
 .init_array    0x000046d4        0x4 d:/programs/kinetis/toolchain/bin/../lib/gcc/arm-none-eabi/4.8.4/armv6-m/crtbegin.o
                0x000046d8                PROVIDE (__init_array_end, .)

.fini_array     0x000046d8        0x4
                0x000046d8                PROVIDE (__fini_array_start, .)
 *(SORT(.fini_array.*))
 *(.fini_array*)
 .fini_array    0x000046d8        0x4 d:/programs/kinetis/toolchain/bin/../lib/gcc/arm-none-eabi/4.8.4/armv6-m/crtbegin.o
                0x000046dc                PROVIDE (__fini_array_end, .)
                0x000046dc                __etext = .
                0x000046dc                __DATA_ROM = .

.mtb            0x1ffffe00        0x0
                0x1ffffe00                . = ALIGN (0x8)
                0x1ffffe00                _mtb_start = .
 *(.mtb_buf)
                0x1ffffe00                . = ALIGN (0x8)
                0x1ffffe00                _mtb_end = .

.interrupts_ram
                0x1ffffe00        0x0
                0x1ffffe00                . = ALIGN (0x4)
                0x1ffffe00                __VECTOR_RAM__ = .
                0x1ffffe00                __interrupts_ram_start__ = .
 *(.m_interrupts_ram)
                0x1ffffe00                . = (. + M_VECTOR_RAM_SIZE)
                0x1ffffe00                . = ALIGN (0x4)
                0x1ffffe00                __interrupts_ram_end__ = .
                0x00000000                __VECTOR_RAM = DEFINED (__ram_vector_table__)?__VECTOR_RAM__:ORIGIN (m_interrupts)
                0x00000000                __RAM_VECTOR_TABLE_SIZE_BYTES = DEFINED (__ram_vector_table__)?(__interrupts_ram_end__ - __interrupts_ram_start__):0x0

.data           0x1ffffe00       0x6c load address 0x000046dc
                0x1ffffe00                . = ALIGN (0x4)
                0x1ffffe00                __DATA_RAM = .
                0x1ffffe00                __data_start__ = .
 *(.data)
 *(.data*)
 .data._POWER_STATE_ON
                0x1ffffe00        0x4 ./source/power_management.o
 .data.SystemCoreClock
                0x1ffffe04        0x4 ./CMSIS/system_MKL03Z4.o
                0x1ffffe04                SystemCoreClock
 .data.impure_data
                0x1ffffe08       0x60 d:/programs/kinetis/toolchain/bin/../lib/gcc/arm-none-eabi/4.8.4/../../../../arm-none-eabi/lib/armv6-m\libg_s.a(lib_a-impure.o)
 *(.jcr*)
 .jcr           0x1ffffe68        0x0 d:/programs/kinetis/toolchain/bin/../lib/gcc/arm-none-eabi/4.8.4/armv6-m/crtbegin.o
 .jcr           0x1ffffe68        0x4 d:/programs/kinetis/toolchain/bin/../lib/gcc/arm-none-eabi/4.8.4/armv6-m/crtend.o
                0x1ffffe6c                . = ALIGN (0x4)
                0x1ffffe6c                __data_end__ = .
                0x00004748                __DATA_END = (__DATA_ROM + (__data_end__ - __data_start__))
                0x00008000                text_end = (ORIGIN (m_text) + 0x7bf0)
                0x00000001                ASSERT ((__DATA_END <= text_end), region m_text overflowed with text and data)

.igot.plt       0x1ffffe6c        0x0 load address 0x00004748
 .igot.plt      0x00000000        0x0 d:/programs/kinetis/toolchain/bin/../lib/gcc/arm-none-eabi/4.8.4/armv6-m/crtbegin.o

.bss            0x1ffffe6c       0x5c load address 0x00004748
                0x1ffffe6c                . = ALIGN (0x4)
                0x1ffffe6c                __START_BSS = .
                0x1ffffe6c                __bss_start__ = .
 *(.bss)
 .bss           0x1ffffe6c       0x1c d:/programs/kinetis/toolchain/bin/../lib/gcc/arm-none-eabi/4.8.4/armv6-m/crtbegin.o
 *(.bss*)
 .bss.s_debugConsole
                0x1ffffe88       0x10 ./utilities/fsl_debug_console.o
 .bss.s_wakeupTimeout
                0x1ffffe98        0x4 ./source/power_modes.o
 .bss.s_wakeupSource
                0x1ffffe9c        0x1 ./source/power_modes.o
 *fill*         0x1ffffe9d        0x3 
 .bss.s_i2cHandle
                0x1ffffea0        0x4 ./drivers/fsl_i2c.o
 .bss.s_i2cMasterIsr
                0x1ffffea4        0x4 ./drivers/fsl_i2c.o
 .bss.s_i2cSlaveIsr
                0x1ffffea8        0x4 ./drivers/fsl_i2c.o
 .bss.s_lpuartHandle
                0x1ffffeac        0x4 ./drivers/fsl_lpuart.o
 .bss.s_lpuartIsr
                0x1ffffeb0        0x4 ./drivers/fsl_lpuart.o
 .bss.s_spiHandle
                0x1ffffeb4        0x4 ./drivers/fsl_spi.o
 .bss.s_spiMasterIsr
                0x1ffffeb8        0x4 ./drivers/fsl_spi.o
 .bss.s_spiSlaveIsr
                0x1ffffebc        0x4 ./drivers/fsl_spi.o
 *(COMMON)
 COMMON         0x1ffffec0        0x8 ./drivers/fsl_clock.o
                0x1ffffec0                g_xtal32Freq
                0x1ffffec4                g_xtal0Freq
                0x1ffffec8                . = ALIGN (0x4)
                0x1ffffec8                __bss_end__ = .
                0x1ffffec8                __END_BSS = .

.heap           0x1ffffec8      0x200 load address 0x000047a4
                0x1ffffec8                . = ALIGN (0x8)
                0x1ffffec8                __end__ = .
                0x1ffffec8                PROVIDE (end, .)
                0x1ffffec8                __HeapBase = .
                0x200000c8                . = (. + HEAP_SIZE)
 *fill*         0x1ffffec8      0x200 
                0x200000c8                __HeapLimit = .
                0x200000c8                __heap_limit = .

.stack          0x200000c8       0x50 load address 0x000049a4
                0x200000c8                . = ALIGN (0x8)
                0x20000118                . = (. + STACK_SIZE)
 *fill*         0x200000c8       0x50 
                0x20000600                __StackTop = (ORIGIN (m_data) + 0x800)
                0x200005b0                __StackLimit = (__StackTop - STACK_SIZE)
                0x20000600                PROVIDE (__stack, __StackTop)

.ARM.attributes
                0x00000000       0x28
 *(.ARM.attributes)
 .ARM.attributes
                0x00000000       0x1e d:/programs/kinetis/toolchain/bin/../lib/gcc/arm-none-eabi/4.8.4/armv6-m/crti.o
 .ARM.attributes
                0x0000001e       0x2c d:/programs/kinetis/toolchain/bin/../lib/gcc/arm-none-eabi/4.8.4/armv6-m/crtbegin.o
 .ARM.attributes
                0x0000004a       0x1b d:/programs/kinetis/toolchain/bin/../lib/gcc/arm-none-eabi/4.8.4/../../../../arm-none-eabi/lib/armv6-m/crt0.o
 .ARM.attributes
                0x00000065       0x32 ./utilities/fsl_debug_console.o
 .ARM.attributes
                0x00000097       0x1b ./startup/startup_MKL03Z4.o
 .ARM.attributes
                0x000000b2       0x32 ./source/acc_i2c.o
 .ARM.attributes
                0x000000e4       0x32 ./source/board.o
 .ARM.attributes
                0x00000116       0x32 ./source/clock_config.o
 .ARM.attributes
                0x00000148       0x32 ./source/clock_mcglite.o
 .ARM.attributes
                0x0000017a       0x32 ./source/i2c_polling_b2b_transfer_master.o
 .ARM.attributes
                0x000001ac       0x32 ./source/misc.o
 .ARM.attributes
                0x000001de       0x32 ./source/pin_mux.o
 .ARM.attributes
                0x00000210       0x32 ./source/power_management.o
 .ARM.attributes
                0x00000242       0x32 ./source/power_modes.o
 .ARM.attributes
                0x00000274       0x32 ./source/uv_i2c.o
 .ARM.attributes
                0x000002a6       0x32 ./drivers/fsl_clock.o
 .ARM.attributes
                0x000002d8       0x32 ./drivers/fsl_common.o
 .ARM.attributes
                0x0000030a       0x32 ./drivers/fsl_flash.o
 .ARM.attributes
                0x0000033c       0x32 ./drivers/fsl_gpio.o
 .ARM.attributes
                0x0000036e       0x32 ./drivers/fsl_i2c.o
 .ARM.attributes
                0x000003a0       0x32 ./drivers/fsl_llwu.o
 .ARM.attributes
                0x000003d2       0x32 ./drivers/fsl_lptmr.o
 .ARM.attributes
                0x00000404       0x32 ./drivers/fsl_lpuart.o
 .ARM.attributes
                0x00000436       0x32 ./drivers/fsl_smc.o
 .ARM.attributes
                0x00000468       0x32 ./drivers/fsl_spi.o
 .ARM.attributes
                0x0000049a       0x32 ./CMSIS/system_MKL03Z4.o
 .ARM.attributes
                0x000004cc       0x1e d:/programs/kinetis/toolchain/bin/../lib/gcc/arm-none-eabi/4.8.4/armv6-m\libgcc.a(_udivsi3.o)
 .ARM.attributes
                0x000004ea       0x1e d:/programs/kinetis/toolchain/bin/../lib/gcc/arm-none-eabi/4.8.4/armv6-m\libgcc.a(_divsi3.o)
 .ARM.attributes
                0x00000508       0x1e d:/programs/kinetis/toolchain/bin/../lib/gcc/arm-none-eabi/4.8.4/armv6-m\libgcc.a(_dvmd_tls.o)
 .ARM.attributes
                0x00000526       0x2c d:/programs/kinetis/toolchain/bin/../lib/gcc/arm-none-eabi/4.8.4/../../../../arm-none-eabi/lib/armv6-m\libg_s.a(lib_a-exit.o)
 .ARM.attributes
                0x00000552       0x2c d:/programs/kinetis/toolchain/bin/../lib/gcc/arm-none-eabi/4.8.4/../../../../arm-none-eabi/lib/armv6-m\libg_s.a(lib_a-impure.o)
 .ARM.attributes
                0x0000057e       0x2c d:/programs/kinetis/toolchain/bin/../lib/gcc/arm-none-eabi/4.8.4/../../../../arm-none-eabi/lib/armv6-m\libg_s.a(lib_a-init.o)
 .ARM.attributes
                0x000005aa       0x2c d:/programs/kinetis/toolchain/bin/../lib/gcc/arm-none-eabi/4.8.4/../../../../arm-none-eabi/lib/armv6-m\libg_s.a(lib_a-memcpy-stub.o)
 .ARM.attributes
                0x000005d6       0x2c d:/programs/kinetis/toolchain/bin/../lib/gcc/arm-none-eabi/4.8.4/../../../../arm-none-eabi/lib/armv6-m\libg_s.a(lib_a-memset.o)
 .ARM.attributes
                0x00000602       0x2c d:/programs/kinetis/toolchain/bin/../lib/gcc/arm-none-eabi/4.8.4/../../../../arm-none-eabi/lib/armv6-m\libg_s.a(lib_a-strlen.o)
 .ARM.attributes
                0x0000062e       0x2c d:/programs/kinetis/toolchain/bin/../lib/gcc/arm-none-eabi/4.8.4/../../../../arm-none-eabi/lib/armv6-m\libnosys.a(_exit.o)
 .ARM.attributes
                0x0000065a       0x2c d:/programs/kinetis/toolchain/bin/../lib/gcc/arm-none-eabi/4.8.4/armv6-m/crtend.o
 .ARM.attributes
                0x00000686       0x1e d:/programs/kinetis/toolchain/bin/../lib/gcc/arm-none-eabi/4.8.4/armv6-m/crtn.o
                0x00000001                ASSERT ((__StackLimit >= __HeapLimit), region m_data overflowed with stack and heap)
OUTPUT(button.elf elf32-littlearm)

.debug_info     0x00000000     0xdff7
 .debug_info    0x00000000      0xc26 ./utilities/fsl_debug_console.o
 .debug_info    0x00000c26       0x65 ./startup/startup_MKL03Z4.o
 .debug_info    0x00000c8b      0x4f1 ./source/acc_i2c.o
 .debug_info    0x0000117c      0x344 ./source/board.o
 .debug_info    0x000014c0      0x7bf ./source/clock_config.o
 .debug_info    0x00001c7f      0x477 ./source/clock_mcglite.o
 .debug_info    0x000020f6      0xb73 ./source/i2c_polling_b2b_transfer_master.o
 .debug_info    0x00002c69      0x304 ./source/misc.o
 .debug_info    0x00002f6d      0x592 ./source/pin_mux.o
 .debug_info    0x000034ff      0xa12 ./source/power_management.o
 .debug_info    0x00003f11     0x1262 ./source/power_modes.o
 .debug_info    0x00005173      0x4ec ./source/uv_i2c.o
 .debug_info    0x0000565f      0xb51 ./drivers/fsl_clock.o
 .debug_info    0x000061b0      0x446 ./drivers/fsl_common.o
 .debug_info    0x000065f6     0x1999 ./drivers/fsl_flash.o
 .debug_info    0x00007f8f      0x780 ./drivers/fsl_gpio.o
 .debug_info    0x0000870f     0x1aab ./drivers/fsl_i2c.o
 .debug_info    0x0000a1ba      0x3b3 ./drivers/fsl_llwu.o
 .debug_info    0x0000a56d      0x695 ./drivers/fsl_lptmr.o
 .debug_info    0x0000ac02     0x15bd ./drivers/fsl_lpuart.o
 .debug_info    0x0000c1bf      0x67b ./drivers/fsl_smc.o
 .debug_info    0x0000c83a     0x13f5 ./drivers/fsl_spi.o
 .debug_info    0x0000dc2f      0x3c8 ./CMSIS/system_MKL03Z4.o

.debug_abbrev   0x00000000     0x2922
 .debug_abbrev  0x00000000      0x249 ./utilities/fsl_debug_console.o
 .debug_abbrev  0x00000249       0x14 ./startup/startup_MKL03Z4.o
 .debug_abbrev  0x0000025d      0x15f ./source/acc_i2c.o
 .debug_abbrev  0x000003bc      0x109 ./source/board.o
 .debug_abbrev  0x000004c5      0x196 ./source/clock_config.o
 .debug_abbrev  0x0000065b      0x130 ./source/clock_mcglite.o
 .debug_abbrev  0x0000078b      0x1cb ./source/i2c_polling_b2b_transfer_master.o
 .debug_abbrev  0x00000956      0x19a ./source/misc.o
 .debug_abbrev  0x00000af0      0x175 ./source/pin_mux.o
 .debug_abbrev  0x00000c65      0x20f ./source/power_management.o
 .debug_abbrev  0x00000e74      0x30e ./source/power_modes.o
 .debug_abbrev  0x00001182      0x165 ./source/uv_i2c.o
 .debug_abbrev  0x000012e7      0x292 ./drivers/fsl_clock.o
 .debug_abbrev  0x00001579      0x222 ./drivers/fsl_common.o
 .debug_abbrev  0x0000179b      0x22a ./drivers/fsl_flash.o
 .debug_abbrev  0x000019c5      0x1ba ./drivers/fsl_gpio.o
 .debug_abbrev  0x00001b7f      0x2e8 ./drivers/fsl_i2c.o
 .debug_abbrev  0x00001e67      0x196 ./drivers/fsl_llwu.o
 .debug_abbrev  0x00001ffd      0x168 ./drivers/fsl_lptmr.o
 .debug_abbrev  0x00002165      0x266 ./drivers/fsl_lpuart.o
 .debug_abbrev  0x000023cb      0x1d9 ./drivers/fsl_smc.o
 .debug_abbrev  0x000025a4      0x275 ./drivers/fsl_spi.o
 .debug_abbrev  0x00002819      0x109 ./CMSIS/system_MKL03Z4.o

.debug_aranges  0x00000000      0xbc8
 .debug_aranges
                0x00000000       0x90 ./utilities/fsl_debug_console.o
 .debug_aranges
                0x00000090       0x20 ./startup/startup_MKL03Z4.o
 .debug_aranges
                0x000000b0       0x48 ./source/acc_i2c.o
 .debug_aranges
                0x000000f8       0x28 ./source/board.o
 .debug_aranges
                0x00000120       0x40 ./source/clock_config.o
 .debug_aranges
                0x00000160       0x30 ./source/clock_mcglite.o
 .debug_aranges
                0x00000190       0x58 ./source/i2c_polling_b2b_transfer_master.o
 .debug_aranges
                0x000001e8       0x70 ./source/misc.o
 .debug_aranges
                0x00000258       0x30 ./source/pin_mux.o
 .debug_aranges
                0x00000288       0x98 ./source/power_management.o
 .debug_aranges
                0x00000320      0x118 ./source/power_modes.o
 .debug_aranges
                0x00000438       0x40 ./source/uv_i2c.o
 .debug_aranges
                0x00000478       0xb0 ./drivers/fsl_clock.o
 .debug_aranges
                0x00000528       0x38 ./drivers/fsl_common.o
 .debug_aranges
                0x00000560      0x138 ./drivers/fsl_flash.o
 .debug_aranges
                0x00000698       0x68 ./drivers/fsl_gpio.o
 .debug_aranges
                0x00000700      0x170 ./drivers/fsl_i2c.o
 .debug_aranges
                0x00000870       0x48 ./drivers/fsl_llwu.o
 .debug_aranges
                0x000008b8       0x48 ./drivers/fsl_lptmr.o
 .debug_aranges
                0x00000900      0x118 ./drivers/fsl_lpuart.o
 .debug_aranges
                0x00000a18       0x60 ./drivers/fsl_smc.o
 .debug_aranges
                0x00000a78      0x128 ./drivers/fsl_spi.o
 .debug_aranges
                0x00000ba0       0x28 ./CMSIS/system_MKL03Z4.o

.debug_ranges   0x00000000      0xa48
 .debug_ranges  0x00000000       0x80 ./utilities/fsl_debug_console.o
 .debug_ranges  0x00000080       0x38 ./source/acc_i2c.o
 .debug_ranges  0x000000b8       0x18 ./source/board.o
 .debug_ranges  0x000000d0       0x30 ./source/clock_config.o
 .debug_ranges  0x00000100       0x20 ./source/clock_mcglite.o
 .debug_ranges  0x00000120       0x48 ./source/i2c_polling_b2b_transfer_master.o
 .debug_ranges  0x00000168       0x60 ./source/misc.o
 .debug_ranges  0x000001c8       0x20 ./source/pin_mux.o
 .debug_ranges  0x000001e8       0x88 ./source/power_management.o
 .debug_ranges  0x00000270      0x108 ./source/power_modes.o
 .debug_ranges  0x00000378       0x30 ./source/uv_i2c.o
 .debug_ranges  0x000003a8       0xa0 ./drivers/fsl_clock.o
 .debug_ranges  0x00000448       0x28 ./drivers/fsl_common.o
 .debug_ranges  0x00000470      0x128 ./drivers/fsl_flash.o
 .debug_ranges  0x00000598       0x58 ./drivers/fsl_gpio.o
 .debug_ranges  0x000005f0      0x160 ./drivers/fsl_i2c.o
 .debug_ranges  0x00000750       0x38 ./drivers/fsl_llwu.o
 .debug_ranges  0x00000788       0x38 ./drivers/fsl_lptmr.o
 .debug_ranges  0x000007c0      0x108 ./drivers/fsl_lpuart.o
 .debug_ranges  0x000008c8       0x50 ./drivers/fsl_smc.o
 .debug_ranges  0x00000918      0x118 ./drivers/fsl_spi.o
 .debug_ranges  0x00000a30       0x18 ./CMSIS/system_MKL03Z4.o

.debug_macro    0x00000000     0x8d0a
 .debug_macro   0x00000000      0x1e3 ./utilities/fsl_debug_console.o
 .debug_macro   0x000001e3      0x820 ./utilities/fsl_debug_console.o
 .debug_macro   0x00000a03       0x58 ./utilities/fsl_debug_console.o
 .debug_macro   0x00000a5b       0x58 ./utilities/fsl_debug_console.o
 .debug_macro   0x00000ab3       0x16 ./utilities/fsl_debug_console.o
 .debug_macro   0x00000ac9       0x35 ./utilities/fsl_debug_console.o
 .debug_macro   0x00000afe       0xa3 ./utilities/fsl_debug_console.o
 .debug_macro   0x00000ba1       0x16 ./utilities/fsl_debug_console.o
 .debug_macro   0x00000bb7      0x10e ./utilities/fsl_debug_console.o
 .debug_macro   0x00000cc5       0x7f ./utilities/fsl_debug_console.o
 .debug_macro   0x00000d44       0x4a ./utilities/fsl_debug_console.o
 .debug_macro   0x00000d8e       0x52 ./utilities/fsl_debug_console.o
 .debug_macro   0x00000de0       0x16 ./utilities/fsl_debug_console.o
 .debug_macro   0x00000df6       0x43 ./utilities/fsl_debug_console.o
 .debug_macro   0x00000e39      0x180 ./utilities/fsl_debug_console.o
 .debug_macro   0x00000fb9       0x16 ./utilities/fsl_debug_console.o
 .debug_macro   0x00000fcf       0x29 ./utilities/fsl_debug_console.o
 .debug_macro   0x00000ff8      0x1e1 ./utilities/fsl_debug_console.o
 .debug_macro   0x000011d9       0x16 ./utilities/fsl_debug_console.o
 .debug_macro   0x000011ef       0x22 ./utilities/fsl_debug_console.o
 .debug_macro   0x00001211      0x20f ./utilities/fsl_debug_console.o
 .debug_macro   0x00001420      0x2a6 ./utilities/fsl_debug_console.o
 .debug_macro   0x000016c6       0x10 ./utilities/fsl_debug_console.o
 .debug_macro   0x000016d6       0x35 ./utilities/fsl_debug_console.o
 .debug_macro   0x0000170b       0x1f ./utilities/fsl_debug_console.o
 .debug_macro   0x0000172a       0x10 ./utilities/fsl_debug_console.o
 .debug_macro   0x0000173a       0x3f ./utilities/fsl_debug_console.o
 .debug_macro   0x00001779       0x3a ./utilities/fsl_debug_console.o
 .debug_macro   0x000017b3       0x26 ./utilities/fsl_debug_console.o
 .debug_macro   0x000017d9      0x329 ./utilities/fsl_debug_console.o
 .debug_macro   0x00001b02       0x3a ./utilities/fsl_debug_console.o
 .debug_macro   0x00001b3c     0x344c ./utilities/fsl_debug_console.o
 .debug_macro   0x00004f88     0x1168 ./utilities/fsl_debug_console.o
 .debug_macro   0x000060f0       0x3a ./utilities/fsl_debug_console.o
 .debug_macro   0x0000612a       0xac ./utilities/fsl_debug_console.o
 .debug_macro   0x000061d6       0x35 ./utilities/fsl_debug_console.o
 .debug_macro   0x0000620b       0x3a ./utilities/fsl_debug_console.o
 .debug_macro   0x00006245       0x10 ./utilities/fsl_debug_console.o
 .debug_macro   0x00006255      0x204 ./source/acc_i2c.o
 .debug_macro   0x00006459       0x10 ./source/acc_i2c.o
 .debug_macro   0x00006469       0x10 ./source/acc_i2c.o
 .debug_macro   0x00006479      0x124 ./source/acc_i2c.o
 .debug_macro   0x0000659d      0x107 ./source/acc_i2c.o
 .debug_macro   0x000066a4       0x40 ./source/acc_i2c.o
 .debug_macro   0x000066e4       0x16 ./source/acc_i2c.o
 .debug_macro   0x000066fa       0x10 ./source/acc_i2c.o
 .debug_macro   0x0000670a      0x1ba ./source/board.o
 .debug_macro   0x000068c4       0x44 ./source/board.o
 .debug_macro   0x00006908      0x1b0 ./source/clock_config.o
 .debug_macro   0x00006ab8      0x184 ./source/clock_mcglite.o
 .debug_macro   0x00006c3c      0x261 ./source/i2c_polling_b2b_transfer_master.o
 .debug_macro   0x00006e9d       0x10 ./source/i2c_polling_b2b_transfer_master.o
 .debug_macro   0x00006ead       0x10 ./source/i2c_polling_b2b_transfer_master.o
 .debug_macro   0x00006ebd       0x10 ./source/i2c_polling_b2b_transfer_master.o
 .debug_macro   0x00006ecd       0x10 ./source/i2c_polling_b2b_transfer_master.o
 .debug_macro   0x00006edd       0x10 ./source/i2c_polling_b2b_transfer_master.o
 .debug_macro   0x00006eed       0x7c ./source/i2c_polling_b2b_transfer_master.o
 .debug_macro   0x00006f69      0x1bb ./source/misc.o
 .debug_macro   0x00007124      0x1f4 ./source/pin_mux.o
 .debug_macro   0x00007318      0x21e ./source/power_management.o
 .debug_macro   0x00007536       0x16 ./source/power_management.o
 .debug_macro   0x0000754c      0x28a ./source/power_modes.o
 .debug_macro   0x000077d6      0x1fe ./source/uv_i2c.o
 .debug_macro   0x000079d4      0x1bd ./drivers/fsl_clock.o
 .debug_macro   0x00007b91      0x18e ./drivers/fsl_common.o
 .debug_macro   0x00007d1f      0x3d1 ./drivers/fsl_flash.o
 .debug_macro   0x000080f0       0x43 ./drivers/fsl_flash.o
 .debug_macro   0x00008133      0x18b ./drivers/fsl_gpio.o
 .debug_macro   0x000082be      0x18a ./drivers/fsl_i2c.o
 .debug_macro   0x00008448       0x10 ./drivers/fsl_i2c.o
 .debug_macro   0x00008458      0x18b ./drivers/fsl_llwu.o
 .debug_macro   0x000085e3      0x18b ./drivers/fsl_lptmr.o
 .debug_macro   0x0000876e      0x18b ./drivers/fsl_lpuart.o
 .debug_macro   0x000088f9      0x194 ./drivers/fsl_smc.o
 .debug_macro   0x00008a8d       0x49 ./drivers/fsl_smc.o
 .debug_macro   0x00008ad6      0x18a ./drivers/fsl_spi.o
 .debug_macro   0x00008c60       0x10 ./drivers/fsl_spi.o
 .debug_macro   0x00008c70       0x9a ./CMSIS/system_MKL03Z4.o

.debug_line     0x00000000     0x742a
 .debug_line    0x00000000      0x7aa ./utilities/fsl_debug_console.o
 .debug_line    0x000007aa       0xa1 ./startup/startup_MKL03Z4.o
 .debug_line    0x0000084b      0x46c ./source/acc_i2c.o
 .debug_line    0x00000cb7      0x38e ./source/board.o
 .debug_line    0x00001045      0x3a6 ./source/clock_config.o
 .debug_line    0x000013eb      0x359 ./source/clock_mcglite.o
 .debug_line    0x00001744      0x515 ./source/i2c_polling_b2b_transfer_master.o
 .debug_line    0x00001c59      0x499 ./source/misc.o
 .debug_line    0x000020f2      0x39c ./source/pin_mux.o
 .debug_line    0x0000248e      0x5d5 ./source/power_management.o
 .debug_line    0x00002a63      0x752 ./source/power_modes.o
 .debug_line    0x000031b5      0x42c ./source/uv_i2c.o
 .debug_line    0x000035e1      0x54d ./drivers/fsl_clock.o
 .debug_line    0x00003b2e      0x3bd ./drivers/fsl_common.o
 .debug_line    0x00003eeb      0x83b ./drivers/fsl_flash.o
 .debug_line    0x00004726      0x420 ./drivers/fsl_gpio.o
 .debug_line    0x00004b46      0xadf ./drivers/fsl_i2c.o
 .debug_line    0x00005625      0x3cc ./drivers/fsl_llwu.o
 .debug_line    0x000059f1      0x3c1 ./drivers/fsl_lptmr.o
 .debug_line    0x00005db2      0x85b ./drivers/fsl_lpuart.o
 .debug_line    0x0000660d      0x46b ./drivers/fsl_smc.o
 .debug_line    0x00006a78      0x791 ./drivers/fsl_spi.o
 .debug_line    0x00007209      0x221 ./CMSIS/system_MKL03Z4.o

.debug_str      0x00000000    0x2de3d
 .debug_str     0x00000000    0x257a3 ./utilities/fsl_debug_console.o
                              0x25c05 (size before relaxing)
 .debug_str     0x000257a3     0x18fb ./source/acc_i2c.o
                              0x25e7e (size before relaxing)
 .debug_str     0x0002709e      0x120 ./source/board.o
                              0x25b8f (size before relaxing)
 .debug_str     0x000271be      0x5e2 ./source/clock_config.o
                              0x24f71 (size before relaxing)
 .debug_str     0x000277a0       0x5b ./source/clock_mcglite.o
                              0x24770 (size before relaxing)
 .debug_str     0x000277fb      0xdac ./source/i2c_polling_b2b_transfer_master.o
                              0x26fd8 (size before relaxing)
 .debug_str     0x000285a7       0x65 ./source/misc.o
                              0x25a24 (size before relaxing)
 .debug_str     0x0002860c      0x392 ./source/pin_mux.o
                              0x25592 (size before relaxing)
 .debug_str     0x0002899e      0x2bf ./source/power_management.o
                              0x26ae5 (size before relaxing)
 .debug_str     0x00028c5d      0x6f4 ./source/power_modes.o
                              0x273f8 (size before relaxing)
 .debug_str     0x00029351       0xaa ./source/uv_i2c.o
                              0x25e85 (size before relaxing)
 .debug_str     0x000293fb      0x503 ./drivers/fsl_clock.o
                              0x25274 (size before relaxing)
 .debug_str     0x000298fe      0x10a ./drivers/fsl_common.o
                              0x24808 (size before relaxing)
 .debug_str     0x00029a08     0x2526 ./drivers/fsl_flash.o
                              0x26f39 (size before relaxing)
 .debug_str     0x0002bf2e       0xce ./drivers/fsl_gpio.o
                              0x24a99 (size before relaxing)
 .debug_str     0x0002bffc      0xa5d ./drivers/fsl_i2c.o
                              0x2595e (size before relaxing)
 .debug_str     0x0002ca59      0x1d0 ./drivers/fsl_llwu.o
                              0x24670 (size before relaxing)
 .debug_str     0x0002cc29       0x73 ./drivers/fsl_lptmr.o
                              0x24e2e (size before relaxing)
 .debug_str     0x0002cc9c      0x845 ./drivers/fsl_lpuart.o
                              0x25895 (size before relaxing)
 .debug_str     0x0002d4e1      0x17a ./drivers/fsl_smc.o
                              0x24ab1 (size before relaxing)
 .debug_str     0x0002d65b      0x793 ./drivers/fsl_spi.o
                              0x25514 (size before relaxing)
 .debug_str     0x0002ddee       0x4f ./CMSIS/system_MKL03Z4.o
                              0x217bf (size before relaxing)

.comment        0x00000000       0x70
 .comment       0x00000000       0x70 ./utilities/fsl_debug_console.o
                                 0x71 (size before relaxing)
 .comment       0x00000000       0x71 ./source/acc_i2c.o
 .comment       0x00000000       0x71 ./source/board.o
 .comment       0x00000000       0x71 ./source/clock_config.o
 .comment       0x00000000       0x71 ./source/clock_mcglite.o
 .comment       0x00000000       0x71 ./source/i2c_polling_b2b_transfer_master.o
 .comment       0x00000000       0x71 ./source/misc.o
 .comment       0x00000000       0x71 ./source/pin_mux.o
 .comment       0x00000000       0x71 ./source/power_management.o
 .comment       0x00000000       0x71 ./source/power_modes.o
 .comment       0x00000000       0x71 ./source/uv_i2c.o
 .comment       0x00000000       0x71 ./drivers/fsl_clock.o
 .comment       0x00000000       0x71 ./drivers/fsl_common.o
 .comment       0x00000000       0x71 ./drivers/fsl_flash.o
 .comment       0x00000000       0x71 ./drivers/fsl_gpio.o
 .comment       0x00000000       0x71 ./drivers/fsl_i2c.o
 .comment       0x00000000       0x71 ./drivers/fsl_llwu.o
 .comment       0x00000000       0x71 ./drivers/fsl_lptmr.o
 .comment       0x00000000       0x71 ./drivers/fsl_lpuart.o
 .comment       0x00000000       0x71 ./drivers/fsl_smc.o
 .comment       0x00000000       0x71 ./drivers/fsl_spi.o
 .comment       0x00000000       0x71 ./CMSIS/system_MKL03Z4.o

.debug_frame    0x00000000     0x2894
 .debug_frame   0x00000000      0x1ec ./utilities/fsl_debug_console.o
 .debug_frame   0x000001ec       0xdc ./source/acc_i2c.o
 .debug_frame   0x000002c8       0x50 ./source/board.o
 .debug_frame   0x00000318       0xa4 ./source/clock_config.o
 .debug_frame   0x000003bc       0x6c ./source/clock_mcglite.o
 .debug_frame   0x00000428      0x110 ./source/i2c_polling_b2b_transfer_master.o
 .debug_frame   0x00000538      0x168 ./source/misc.o
 .debug_frame   0x000006a0       0x70 ./source/pin_mux.o
 .debug_frame   0x00000710      0x208 ./source/power_management.o
 .debug_frame   0x00000918      0x3f4 ./source/power_modes.o
 .debug_frame   0x00000d0c       0xc4 ./source/uv_i2c.o
 .debug_frame   0x00000dd0      0x258 ./drivers/fsl_clock.o
 .debug_frame   0x00001028       0x90 ./drivers/fsl_common.o
 .debug_frame   0x000010b8      0x490 ./drivers/fsl_flash.o
 .debug_frame   0x00001548      0x150 ./drivers/fsl_gpio.o
 .debug_frame   0x00001698      0x56c ./drivers/fsl_i2c.o
 .debug_frame   0x00001c04       0xd0 ./drivers/fsl_llwu.o
 .debug_frame   0x00001cd4       0xd0 ./drivers/fsl_lptmr.o
 .debug_frame   0x00001da4      0x40c ./drivers/fsl_lpuart.o
 .debug_frame   0x000021b0      0x130 ./drivers/fsl_smc.o
 .debug_frame   0x000022e0      0x44c ./drivers/fsl_spi.o
 .debug_frame   0x0000272c       0x4c ./CMSIS/system_MKL03Z4.o
 .debug_frame   0x00002778       0x20 d:/programs/kinetis/toolchain/bin/../lib/gcc/arm-none-eabi/4.8.4/armv6-m\libgcc.a(_udivsi3.o)
 .debug_frame   0x00002798       0x20 d:/programs/kinetis/toolchain/bin/../lib/gcc/arm-none-eabi/4.8.4/armv6-m\libgcc.a(_divsi3.o)
 .debug_frame   0x000027b8       0x28 d:/programs/kinetis/toolchain/bin/../lib/gcc/arm-none-eabi/4.8.4/../../../../arm-none-eabi/lib/armv6-m\libg_s.a(lib_a-exit.o)
 .debug_frame   0x000027e0       0x2c d:/programs/kinetis/toolchain/bin/../lib/gcc/arm-none-eabi/4.8.4/../../../../arm-none-eabi/lib/armv6-m\libg_s.a(lib_a-init.o)
 .debug_frame   0x0000280c       0x28 d:/programs/kinetis/toolchain/bin/../lib/gcc/arm-none-eabi/4.8.4/../../../../arm-none-eabi/lib/armv6-m\libg_s.a(lib_a-memcpy-stub.o)
 .debug_frame   0x00002834       0x20 d:/programs/kinetis/toolchain/bin/../lib/gcc/arm-none-eabi/4.8.4/../../../../arm-none-eabi/lib/armv6-m\libg_s.a(lib_a-memset.o)
 .debug_frame   0x00002854       0x20 d:/programs/kinetis/toolchain/bin/../lib/gcc/arm-none-eabi/4.8.4/../../../../arm-none-eabi/lib/armv6-m\libg_s.a(lib_a-strlen.o)
 .debug_frame   0x00002874       0x20 d:/programs/kinetis/toolchain/bin/../lib/gcc/arm-none-eabi/4.8.4/../../../../arm-none-eabi/lib/armv6-m\libnosys.a(_exit.o)
